; TIDE prototype bathymetry -- 48 x 48
;   .  deep     passable, 1.00x speed
;   ~  shallow  passable, 0.50x speed
;   #  sand     impassable, unclaimable, blocks capture
;
; Four-fold symmetric. Landmass minimum 4 cells thick.
; Authored by hand -- see PHASE1-MAP-DESIGN.html

................................................
................................................
................................................
................................................
................................................
...........~~~~~~~~~~~~~~~~~~~~~~~~~~...........
..........~~~~~~~~~~~~~~~~~~~~~~~~~~~~..........
.........~~~~~~~~~~~~~~~~~~~~~~~~~~~~~~.........
............~~####################~~............
............~~####################~~............
.........~~~~~~~~~~~~~~~~~~~~~~~~~~~~~~.........
..........~~~~~~~~~~~~~~~~~~~~~~~~~~~~..........
...........~~~~~~~~~~~~~~~~~~~~~~~~~~...........
..........~~~~~~~~~~~~~~~~~~~~~~~~~~~~..........
........##~~~~#########~~#########~~~~##........
........##~~~~#########~~#########~~~~##........
........##~~~~#########~~#########~~~~##........
........##~~~~#########~~#########~~~~##........
........##~~~~####............####~~~~##........
........##~~~~####............####~~~~##........
........##~~~~####............####~~~~##........
........##~~~~####............####~~~~##........
........##~~~~####............####~~~~##........
........##~~~~~~~~............~~~~~~~~##........
........##~~~~~~~~............~~~~~~~~##........
........##~~~~####............####~~~~##........
........##~~~~####............####~~~~##........
........##~~~~####............####~~~~##........
........##~~~~####............####~~~~##........
........##~~~~####............####~~~~##........
........##~~~~#########~~#########~~~~##........
........##~~~~#########~~#########~~~~##........
........##~~~~#########~~#########~~~~##........
........##~~~~#########~~#########~~~~##........
..........~~~~~~~~~~~~~~~~~~~~~~~~~~~~..........
...........~~~~~~~~~~~~~~~~~~~~~~~~~~...........
..........~~~~~~~~~~~~~~~~~~~~~~~~~~~~..........
.........~~~~~~~~~~~~~~~~~~~~~~~~~~~~~~.........
............~~####################~~............
............~~####################~~............
.........~~~~~~~~~~~~~~~~~~~~~~~~~~~~~~.........
..........~~~~~~~~~~~~~~~~~~~~~~~~~~~~..........
...........~~~~~~~~~~~~~~~~~~~~~~~~~~...........
................................................
................................................
................................................
................................................
................................................
